File /Users/petrvohralik/www/neon2csv/tests/tmp/test.neonbad does not exist.